# Log file generated by
#
#   './configure --nofatal --disable-hardening --disable-docs --disable-java --disable-python --disable-qt --disable-sdl --disable-opengl --disable-pulse --disable-alsa --disable-dbus --disable-dxvk --disable-kmods --disable-devmapper --disable-libvpx --disable-libtpms --disable-liblzma'
#

***** Checking environment *****
Determined build machine: linux.amd64, target machine: linux.amd64


***** Checking kBuild *****
found


***** Checking gcc *****
found version 11.4.0


***** Checking Open Watcom *****
** Open Watcom was not found, using alternative BIOS sources!

***** Checking yasm *****
** yasm (variable YASM) not found!

***** Checking xslt *****
found


***** Checking pthread *****
compiling the following source file:
#include <cstdio>
#include <pthread.h>
extern "C" int main(void)
{
  pthread_mutex_t mutex;
  if (pthread_mutex_init(&mutex, NULL)) {
    printf("pthread_mutex_init() failed\n");
    return 1;
  }
  if (pthread_mutex_lock(&mutex)) {
    printf("pthread_mutex_lock() failed\n");
    return 1;
  }
  if (pthread_mutex_unlock(&mutex)) {
    printf("pthread_mutex_unlock() failed\n");
    return 1;
  }
  printf("found, OK.\n");
}
using the following command line:
g++  -fPIC -g -O -Wall -o /home/tanglin/workspace2/virtualbox/VirtualBox-7.2.6/.tmp_out /home/tanglin/workspace2/virtualbox/VirtualBox-7.2.6/.tmp_src.cc -lpthread
executing the binary
found, OK.


***** Checking libxml2 *****
compiling the following source file:
#include <cstdio>
#include <libxml/xmlversion.h>
extern "C" int main(void)
{
  printf("found version %s", LIBXML_DOTTED_VERSION);
#if LIBXML_VERSION >= 20904
  printf(", OK.\n");
  return 0;
#else
  printf(", expected version 2.9.4 or higher\n");
  return 1;
#endif
}
using the following command line:
g++  -fPIC -g -O -Wall -o /home/tanglin/workspace2/virtualbox/VirtualBox-7.2.6/.tmp_out /home/tanglin/workspace2/virtualbox/VirtualBox-7.2.6/.tmp_src.cc -lxml2 -lpthread -I/usr/include/libxml2
executing the binary
found version 2.9.13, OK.


***** Checking zlib *****
compiling the following source file:
#include <cstdio>
#include <zlib.h>
extern "C" int main(void)
{
  printf("found version %s", ZLIB_VERSION);
#if ZLIB_VERNUM >= 0x12b0
  printf(", OK.\n");
  return 0;
#else
  printf(", expected version 1.2.11 or higher\n");
  return 1;
#endif
}
using the following command line:
g++  -fPIC -g -O -Wall -o /home/tanglin/workspace2/virtualbox/VirtualBox-7.2.6/.tmp_out /home/tanglin/workspace2/virtualbox/VirtualBox-7.2.6/.tmp_src.cc -lz 
executing the binary
found version 1.2.11, OK.


***** Checking liblzf *****
compiling the following source file:
#include <cstdio>
#include <lzf.h>
extern "C" int main(void)
{
  printf("found LZF API version %u.%u", LZF_VERSION >> 8, LZF_VERSION & 0xff);
#if LZF_VERSION >= 0x0105
  printf(", OK.\n");
  return 0;
#else
  printf(", expected version 1.5 or higher\n");
  return 1;
#endif
}
using the following command line:
g++  -fPIC -g -O -Wall -o /home/tanglin/workspace2/virtualbox/VirtualBox-7.2.6/.tmp_out /home/tanglin/workspace2/virtualbox/VirtualBox-7.2.6/.tmp_src.cc -llzf -I/usr/include/liblzf
/home/tanglin/workspace2/virtualbox/VirtualBox-7.2.6/.tmp_src.cc:2:10: fatal error: lzf.h: No such file or directory
    2 | #include <lzf.h>
      |          ^~~~~~~
compilation terminated.


***** Checking ssl *****
compiling the following source file:
#include <cstdio>
#include <openssl/opensslv.h>
#include <openssl/ssl.h>
extern "C" int main(void)
{
  printf("found version %s", OPENSSL_VERSION_TEXT);
  SSL_library_init();
#if OPENSSL_VERSION_NUMBER >= 0x10002000
  printf(", OK.\n");
  return 0;
#else
  printf(", expected version 1.0.2 or higher\n");
  return 1;
#endif
}
using the following command line:
g++  -fPIC -g -O -Wall -o /home/tanglin/workspace2/virtualbox/VirtualBox-7.2.6/.tmp_out /home/tanglin/workspace2/virtualbox/VirtualBox-7.2.6/.tmp_src.cc  -lssl -lcrypto
executing the binary
found version OpenSSL 3.0.2 15 Mar 2022, OK.


***** Checking libcurl *****
compiling the following source file:
#include <cstdio>
#include <curl/curl.h>
extern "C" int main(void)
{
  printf("found version %s", LIBCURL_VERSION);
#if 10000*LIBCURL_VERSION_MAJOR + 100*LIBCURL_VERSION_MINOR + LIBCURL_VERSION_PATCH >= 76101
  printf(", OK.\n");
  return 0;
#else
  printf(", expected version 7.61.1 or higher\n");
  return 1;
#endif
}
using the following command line:
g++  -fPIC -g -O -Wall -o /home/tanglin/workspace2/virtualbox/VirtualBox-7.2.6/.tmp_out /home/tanglin/workspace2/virtualbox/VirtualBox-7.2.6/.tmp_src.cc -lcurl 
executing the binary
found version 7.81.0, OK.


***** Checking libogg *****
Package ogg was not found in the pkg-config search path.
Perhaps you should add the directory containing `ogg.pc'
to the PKG_CONFIG_PATH environment variable
No package 'ogg' found
compiling the following source file:
#include <cstdio>
#include <ogg/ogg.h>
extern "C" int main(void)
{
  oggpack_buffer o;
  oggpack_get_buffer(&o);
  printf("found, OK.\n");
  return 0;
}
using the following command line:
g++  -fPIC -g -O -Wall -o /home/tanglin/workspace2/virtualbox/VirtualBox-7.2.6/.tmp_out /home/tanglin/workspace2/virtualbox/VirtualBox-7.2.6/.tmp_src.cc  
/home/tanglin/workspace2/virtualbox/VirtualBox-7.2.6/.tmp_src.cc:2:10: fatal error: ogg/ogg.h: No such file or directory
    2 | #include <ogg/ogg.h>
      |          ^~~~~~~~~~~
compilation terminated.


***** Checking libvorbis *****
Package vorbis was not found in the pkg-config search path.
Perhaps you should add the directory containing `vorbis.pc'
to the PKG_CONFIG_PATH environment variable
No package 'vorbis' found
compiling the following source file:
#include <cstdio>
#include <vorbis/vorbisenc.h>
extern "C" int main(void)
{
  vorbis_info v;
  vorbis_info_init(&v);
  int vorbis_rc = vorbis_encode_init_vbr(&v, 2 /* channels */, 44100 /* hz */, (float).4 /* quality */);
  if (vorbis_rc == 0)
  {
    vorbis_rc = vorbis_encode_setup_init(&v);
    if (vorbis_rc)
      printf("vorbis_encode_setup_init() failed (%d)\n", vorbis_rc);
  }
  else
    printf("vorbis_encode_init_vbr() failed (%d)\n", vorbis_rc);
  if (vorbis_rc == 0)
    printf("Vorbis found, OK.\n");
  return vorbis_rc;
}
using the following command line:
g++  -fPIC -g -O -Wall -o /home/tanglin/workspace2/virtualbox/VirtualBox-7.2.6/.tmp_out /home/tanglin/workspace2/virtualbox/VirtualBox-7.2.6/.tmp_src.cc  
/home/tanglin/workspace2/virtualbox/VirtualBox-7.2.6/.tmp_src.cc:2:10: fatal error: vorbis/vorbisenc.h: No such file or directory
    2 | #include <vorbis/vorbisenc.h>
      |          ^~~~~~~~~~~~~~~~~~~~
compilation terminated.


***** Checking libpng *****
compiling the following source file:
#include <cstdio>
#include <png.h>
extern "C" int main(void)
{
  printf("found version %s", PNG_LIBPNG_VER_STRING);
#if PNG_LIBPNG_VER >= 10205
  printf(", OK.\n");
  return 0;
#else
  printf(", expected version 1.2.5 or higher\n");
  return 1;
#endif
}
using the following command line:
g++  -fPIC -g -O -Wall -o /home/tanglin/workspace2/virtualbox/VirtualBox-7.2.6/.tmp_out /home/tanglin/workspace2/virtualbox/VirtualBox-7.2.6/.tmp_src.cc -lpng 
executing the binary
found version 1.6.37, OK.


***** Checking X libraries *****
compiling the following source file:
#include <cstdio>
#include <X11/Xlib.h>
extern "C" int main(void)
{
  Display *dpy;
  int scrn_num;
  Screen *scrn;
  Window win;

  dpy      = XOpenDisplay(NULL);
  scrn_num = DefaultScreen(dpy);
  scrn     = ScreenOfDisplay(dpy, scrn_num);
  win      = XCreateWindow(dpy, RootWindowOfScreen(scrn), 0, 0, 100, 100,
                           0, 16, InputOutput, CopyFromParent, 0, NULL);
  XDestroyWindow(dpy, win);
  XCloseDisplay(dpy);
}
using the following command line:
g++  -fPIC -g -O -Wall -o /home/tanglin/workspace2/virtualbox/VirtualBox-7.2.6/.tmp_out /home/tanglin/workspace2/virtualbox/VirtualBox-7.2.6/.tmp_src.cc -L/usr/X11R6/lib -L/usr/X11R6/lib64 -L/usr/local/lib -lXext -lX11 -I/usr/local/include
found


***** Checking Xcursor *****
compiling the following source file:
#include <cstdio>
#include <X11/Xlib.h>
#include <X11/Xcursor/Xcursor.h>
extern "C" int main(void)
{
  XcursorImage *cursor = XcursorImageCreate (10, 10);
  XcursorImageDestroy(cursor);
  return 0;
}
using the following command line:
g++  -fPIC -g -O -Wall -o /home/tanglin/workspace2/virtualbox/VirtualBox-7.2.6/.tmp_out /home/tanglin/workspace2/virtualbox/VirtualBox-7.2.6/.tmp_src.cc -L/usr/X11R6/lib -L/usr/X11R6/lib64 -L/usr/local/lib -lXext -lX11 -lXcursor -I/usr/local/include
found


***** Checking Xinerama *****
compiling the following source file:
#include <X11/Xlib.h>
#include <X11/extensions/Xinerama.h>
extern "C" int main(void)
{
  Display *dpy;
  Bool flag;
  dpy = XOpenDisplay(NULL);
  if (dpy)
  {
    flag = XineramaIsActive(dpy);
    XCloseDisplay(dpy);
  }
}
using the following command line:
g++  -fPIC -g -O -Wall -o /home/tanglin/workspace2/virtualbox/VirtualBox-7.2.6/.tmp_out /home/tanglin/workspace2/virtualbox/VirtualBox-7.2.6/.tmp_src.cc -L/usr/X11R6/lib -L/usr/X11R6/lib64 -L/usr/local/lib -lXext -lX11 -lXinerama -I/usr/local/include
/home/tanglin/workspace2/virtualbox/VirtualBox-7.2.6/.tmp_src.cc: In function 'int main()':
/home/tanglin/workspace2/virtualbox/VirtualBox-7.2.6/.tmp_src.cc:6:8: warning: variable 'flag' set but not used [-Wunused-but-set-variable]
    6 |   Bool flag;
      |        ^~~~
found


***** Checking Xrandr *****
compiling the following source file:
#include <X11/Xlib.h>
#include <X11/extensions/Xrandr.h>
extern "C" int main(void)
{
  Display *dpy;
  Bool flag;
  int major, minor;
  dpy = XOpenDisplay(NULL);
  if (dpy)
  {
    flag = XRRQueryVersion(dpy, &major, &minor);
    XCloseDisplay(dpy);
  }
}
using the following command line:
g++  -fPIC -g -O -Wall -o /home/tanglin/workspace2/virtualbox/VirtualBox-7.2.6/.tmp_out /home/tanglin/workspace2/virtualbox/VirtualBox-7.2.6/.tmp_src.cc -L/usr/X11R6/lib -L/usr/X11R6/lib64 -L/usr/local/lib -lXext -lX11 -lXrandr -I/usr/local/include
/home/tanglin/workspace2/virtualbox/VirtualBox-7.2.6/.tmp_src.cc: In function 'int main()':
/home/tanglin/workspace2/virtualbox/VirtualBox-7.2.6/.tmp_src.cc:6:8: warning: variable 'flag' set but not used [-Wunused-but-set-variable]
    6 |   Bool flag;
      |        ^~~~
found


***** Checking static stc++ library *****
compiling the following source file:
#include <string>

extern "C" int main(void)
{
  std::string s = "test";
  return 0;
}
using the following command line:
g++  -fPIC -g -O -Wall -o /home/tanglin/workspace2/virtualbox/VirtualBox-7.2.6/.tmp_out /home/tanglin/workspace2/virtualbox/VirtualBox-7.2.6/.tmp_src.cc /usr/lib/gcc/x86_64-linux-gnu/11/libstdc++.a
found


***** Checking libcap library *****
compiling the following source file:
#include <cstdio>
#include <sys/types.h>
#include <linux/types.h>
#include <sys/capability.h>

extern "C" int main(void)
{
  char buf[1024];
  cap_t caps = cap_get_proc();
  snprintf(buf, sizeof(buf), "Current caps are '%s'\n", cap_to_text(caps, NULL));
  return 0;
}
using the following command line:
g++  -fPIC -g -O -Wall -o /home/tanglin/workspace2/virtualbox/VirtualBox-7.2.6/.tmp_out /home/tanglin/workspace2/virtualbox/VirtualBox-7.2.6/.tmp_src.cc -lcap
executing the binary


found


***** Checking compiler.h *****
compiler.h not found


***** Checking makeself *****
** makeself (variable makeself) not found!

***** Checking GSOAP compiler *****
Package gsoapssl++ was not found in the pkg-config search path.
Perhaps you should add the directory containing `gsoapssl++.pc'
to the PKG_CONFIG_PATH environment variable
No package 'gsoapssl++' found
** soapcpp2 not found -- disabling webservice!

